Full transcript (this run) is also saved to: assign2_run_20260509_084904.log

Training on device: cpu
Start TorchRL-DoubleDQN training...
Ep:   100 | R:  133.75 | R500:  41.44 | R[p25/p50/p75]: -91.9/ 113.9/ 139.1 | W/L/D:59.0%/41.0%/ 0.0% | Loss(ep):4.80220 | Loss(ma):4.11409±2.38085 | Eps:0.951 | LR:5.0e-05 | Buf:  3109 | T:3.1s
Ep:   200 | R:  123.75 | R500:  44.61 | R[p25/p50/p75]: -91.6/ 115.4/ 134.8 | W/L/D:61.5%/38.5%/ 0.0% | Loss(ep):4.54250 | Loss(ma):4.19177±2.46609 | Eps:0.905 | LR:5.0e-05 | Buf:  6099 | T:6.2s
Ep:   300 | R:  114.75 | R500:  32.71 | R[p25/p50/p75]: -96.2/ 111.8/ 132.8 | W/L/D:56.0%/44.0%/ 0.0% | Loss(ep):4.36936 | Loss(ma):4.32246±2.47984 | Eps:0.861 | LR:5.0e-05 | Buf:  9184 | T:9.3s
Ep:   400 | R:  -78.75 | R500:  35.40 | R[p25/p50/p75]: -95.0/ 112.0/ 133.8 | W/L/D:57.0%/43.0%/ 0.0% | Loss(ep):4.05208 | Loss(ma):4.37350±2.47333 | Eps:0.819 | LR:5.0e-05 | Buf: 12188 | T:12.3s
Ep:   500 | R:  127.75 | R500:  40.24 | R[p25/p50/p75]: -93.1/ 114.6/ 134.2 | W/L/D:59.0%/41.0%/ 0.0% | Loss(ep):4.22850 | Loss(ma):4.44335±2.45580 | Eps:0.779 | LR:5.0e-05 | Buf: 15205 | T:15.3s
Ep:   600 | R:  137.75 | R500:  42.33 | R[p25/p50/p75]: -93.0/ 115.6/ 134.4 | W/L/D:60.0%/40.0%/ 0.0% | Loss(ep):4.66315 | Loss(ma):4.50731±2.47547 | Eps:0.741 | LR:5.0e-05 | Buf: 18031 | T:18.1s
Ep:   700 | R:  141.00 | R500:  44.16 | R[p25/p50/p75]: -92.6/ 116.0/ 136.2 | W/L/D:60.6%/39.4%/ 0.0% | Loss(ep):5.21673 | Loss(ma):4.50312±2.48759 | Eps:0.705 | LR:5.0e-05 | Buf: 20750 | T:20.8s
Ep:   800 | R:  132.25 | R500:  55.95 | R[p25/p50/p75]: -88.6/ 118.6/ 137.1 | W/L/D:65.8%/34.2%/ 0.0% | Loss(ep):4.58895 | Loss(ma):4.51432±2.44744 | Eps:0.670 | LR:5.0e-05 | Buf: 23632 | T:23.7s
Ep:   900 | R:  128.25 | R500:  62.62 | R[p25/p50/p75]: -80.9/ 119.8/ 137.6 | W/L/D:68.8%/31.2%/ 0.0% | Loss(ep):4.26202 | Loss(ma):4.56446±2.44845 | Eps:0.638 | LR:5.0e-05 | Buf: 26272 | T:26.4s
Ep:  1000 | R:  118.00 | R500:  65.67 | R[p25/p50/p75]: -77.2/ 120.1/ 138.2 | W/L/D:70.2%/29.8%/ 0.0% | Loss(ep):5.29936 | Loss(ma):4.61455±2.47848 | Eps:0.606 | LR:5.0e-05 | Buf: 28957 | T:29.1s
[Eval@1000] W/L/D=178/22/0 | WR/LR/DR:89.0%/11.0%/0.0% | AvgR:112.07
Ep:  1100 | R:  -98.50 | R500:  66.63 | R[p25/p50/p75]: -77.2/ 120.8/ 137.8 | W/L/D:70.6%/29.4%/ 0.0% | Loss(ep):4.83952 | Loss(ma):4.65988±2.46213 | Eps:0.577 | LR:5.0e-05 | Buf: 31548 | T:32.4s
Ep:  1200 | R:  124.50 | R500:  72.35 | R[p25/p50/p75]: -62.4/ 121.8/ 137.6 | W/L/D:73.0%/27.0%/ 0.0% | Loss(ep):4.84246 | Loss(ma):4.72929±2.42552 | Eps:0.549 | LR:5.0e-05 | Buf: 34139 | T:35.0s
Ep:  1300 | R:  -85.75 | R500:  75.38 | R[p25/p50/p75]: -53.6/ 122.8/ 137.8 | W/L/D:74.0%/26.0%/ 0.0% | Loss(ep):4.41168 | Loss(ma):4.81902±2.44139 | Eps:0.522 | LR:5.0e-05 | Buf: 36629 | T:37.6s
Ep:  1400 | R:  124.00 | R500:  80.28 | R[p25/p50/p75]: 107.8/ 123.2/ 138.8 | W/L/D:76.2%/23.8%/ 0.0% | Loss(ep):5.11691 | Loss(ma):4.78530±2.41553 | Eps:0.496 | LR:5.0e-05 | Buf: 39019 | T:39.9s
Ep:  1500 | R:  117.75 | R500:  87.17 | R[p25/p50/p75]: 112.9/ 124.0/ 141.0 | W/L/D:78.8%/21.2%/ 0.0% | Loss(ep):4.89052 | Loss(ma):4.81014±2.42305 | Eps:0.472 | LR:5.0e-05 | Buf: 41281 | T:42.2s
Ep:  1600 | R:  -87.25 | R500:  97.93 | R[p25/p50/p75]: 115.9/ 125.2/ 142.0 | W/L/D:83.6%/16.4%/ 0.0% | Loss(ep):4.48574 | Loss(ma):4.86650±2.44454 | Eps:0.449 | LR:5.0e-05 | Buf: 43299 | T:44.3s
Ep:  1700 | R:  -91.50 | R500: 102.81 | R[p25/p50/p75]: 116.8/ 126.9/ 142.0 | W/L/D:85.8%/14.2%/ 0.0% | Loss(ep):4.96111 | Loss(ma):4.92506±2.45905 | Eps:0.427 | LR:5.0e-05 | Buf: 45236 | T:46.2s
Ep:  1800 | R:  114.00 | R500: 109.72 | R[p25/p50/p75]: 118.0/ 126.8/ 141.5 | W/L/D:89.4%/10.6%/ 0.0% | Loss(ep):6.29879 | Loss(ma):4.95418±2.48001 | Eps:0.406 | LR:5.0e-05 | Buf: 47049 | T:48.0s
Ep:  1900 | R:  146.00 | R500: 112.16 | R[p25/p50/p75]: 118.0/ 126.4/ 140.8 | W/L/D:90.8%/ 9.2%/ 0.0% | Loss(ep):3.92412 | Loss(ma):4.99557±2.47581 | Eps:0.387 | LR:5.0e-05 | Buf: 48845 | T:49.8s
Ep:  2000 | R:  129.00 | R500: 113.82 | R[p25/p50/p75]: 118.0/ 125.8/ 138.6 | W/L/D:92.2%/ 7.8%/ 0.0% | Loss(ep):4.40362 | Loss(ma):5.04797±2.45628 | Eps:0.368 | LR:5.0e-05 | Buf: 50506 | T:51.5s
[Eval@2000] W/L/D=194/6/0 | WR/LR/DR:97.0%/3.0%/0.0% | AvgR:124.21
Ep:  2100 | R:  132.50 | R500: 115.51 | R[p25/p50/p75]: 119.0/ 125.0/ 137.6 | W/L/D:93.2%/ 6.8%/ 0.0% | Loss(ep):4.46485 | Loss(ma):5.15047±2.47479 | Eps:0.350 | LR:5.0e-05 | Buf: 52192 | T:53.5s
Ep:  2200 | R:  139.00 | R500: 117.58 | R[p25/p50/p75]: 119.0/ 126.0/ 137.5 | W/L/D:94.2%/ 5.8%/ 0.0% | Loss(ep):5.71262 | Loss(ma):5.23200±2.48345 | Eps:0.333 | LR:5.0e-05 | Buf: 53863 | T:55.2s
Ep:  2300 | R:  119.00 | R500: 119.08 | R[p25/p50/p75]: 119.0/ 126.1/ 137.3 | W/L/D:94.8%/ 5.2%/ 0.0% | Loss(ep):6.31424 | Loss(ma):5.28919±2.47905 | Eps:0.317 | LR:5.0e-05 | Buf: 55407 | T:56.8s
Ep:  2400 | R:  120.00 | R500: 120.75 | R[p25/p50/p75]: 120.0/ 126.8/ 137.5 | W/L/D:95.6%/ 4.4%/ 0.0% | Loss(ep):4.82762 | Loss(ma):5.33348±2.43033 | Eps:0.301 | LR:5.0e-05 | Buf: 56834 | T:58.2s
Ep:  2500 | R:  139.00 | R500: 122.03 | R[p25/p50/p75]: 120.0/ 127.0/ 138.0 | W/L/D:96.2%/ 3.8%/ 0.0% | Loss(ep):4.99080 | Loss(ma):5.40228±2.44318 | Eps:0.286 | LR:5.0e-05 | Buf: 58283 | T:59.6s
Ep:  2600 | R:  120.00 | R500: 123.68 | R[p25/p50/p75]: 120.0/ 126.8/ 137.8 | W/L/D:97.0%/ 3.0%/ 0.0% | Loss(ep):3.58060 | Loss(ma):5.46948±2.45546 | Eps:0.272 | LR:5.0e-05 | Buf: 59580 | T:60.9s
Ep:  2700 | R:  132.75 | R500: 125.07 | R[p25/p50/p75]: 120.0/ 125.8/ 136.8 | W/L/D:97.8%/ 2.2%/ 0.0% | Loss(ep):5.09285 | Loss(ma):5.54298±2.46103 | Eps:0.259 | LR:5.0e-05 | Buf: 60855 | T:62.2s
Ep:  2800 | R:  120.00 | R500: 124.08 | R[p25/p50/p75]: 119.6/ 125.0/ 135.0 | W/L/D:97.8%/ 2.2%/ 0.0% | Loss(ep):6.25889 | Loss(ma):5.59171±2.47937 | Eps:0.247 | LR:5.0e-05 | Buf: 62039 | T:63.4s
Ep:  2900 | R:  129.00 | R500: 124.59 | R[p25/p50/p75]: 119.0/ 125.0/ 135.0 | W/L/D:98.0%/ 2.0%/ 0.0% | Loss(ep):5.86673 | Loss(ma):5.61927±2.45236 | Eps:0.234 | LR:5.0e-05 | Buf: 63297 | T:64.7s
Ep:  3000 | R:  116.00 | R500: 124.83 | R[p25/p50/p75]: 119.0/ 125.0/ 134.0 | W/L/D:98.4%/ 1.6%/ 0.0% | Loss(ep):5.50842 | Loss(ma):5.63904±2.45008 | Eps:0.223 | LR:5.0e-05 | Buf: 64489 | T:65.9s
[Eval@3000] W/L/D=200/0/0 | WR/LR/DR:100.0%/0.0%/0.0% | AvgR:128.05
Ep:  3100 | R:  134.00 | R500: 124.52 | R[p25/p50/p75]: 119.0/ 124.8/ 134.0 | W/L/D:98.4%/ 1.6%/ 0.0% | Loss(ep):4.73243 | Loss(ma):5.65581±2.44848 | Eps:0.212 | LR:5.0e-05 | Buf: 65655 | T:67.4s
Ep:  3200 | R:  115.00 | R500: 123.99 | R[p25/p50/p75]: 119.0/ 124.6/ 133.8 | W/L/D:98.4%/ 1.6%/ 0.0% | Loss(ep):4.15549 | Loss(ma):5.68283±2.46399 | Eps:0.202 | LR:5.0e-05 | Buf: 66779 | T:68.5s
Ep:  3300 | R:  124.00 | R500: 124.70 | R[p25/p50/p75]: 119.0/ 124.0/ 133.0 | W/L/D:98.8%/ 1.2%/ 0.0% | Loss(ep):5.95278 | Loss(ma):5.72508±2.45732 | Eps:0.192 | LR:5.0e-05 | Buf: 67858 | T:69.6s
Ep:  3400 | R:  120.00 | R500: 124.81 | R[p25/p50/p75]: 119.0/ 124.0/ 131.8 | W/L/D:99.2%/ 0.8%/ 0.0% | Loss(ep):6.80181 | Loss(ma):5.77908±2.46470 | Eps:0.183 | LR:5.0e-05 | Buf: 68897 | T:70.7s
Ep:  3500 | R:  122.00 | R500: 124.17 | R[p25/p50/p75]: 119.0/ 124.0/ 130.8 | W/L/D:99.2%/ 0.8%/ 0.0% | Loss(ep):6.36925 | Loss(ma):5.85010±2.45002 | Eps:0.174 | LR:5.0e-05 | Buf: 69918 | T:71.7s
Ep:  3600 | R:  120.00 | R500: 122.57 | R[p25/p50/p75]: 119.0/ 123.0/ 130.0 | W/L/D:98.8%/ 1.2%/ 0.0% | Loss(ep):6.21992 | Loss(ma):5.93183±2.46611 | Eps:0.165 | LR:5.0e-05 | Buf: 70908 | T:72.7s
Ep:  3700 | R:  130.00 | R500: 122.66 | R[p25/p50/p75]: 119.0/ 122.4/ 130.0 | W/L/D:99.0%/ 1.0%/ 0.0% | Loss(ep):5.93149 | Loss(ma):5.96581±2.42926 | Eps:0.157 | LR:5.0e-05 | Buf: 71883 | T:73.7s
Ep:  3800 | R:  119.00 | R500: 122.38 | R[p25/p50/p75]: 119.0/ 120.0/ 129.0 | W/L/D:99.0%/ 1.0%/ 0.0% | Loss(ep):5.26908 | Loss(ma):5.99429±2.42571 | Eps:0.149 | LR:5.0e-05 | Buf: 72816 | T:74.6s
Ep:  3900 | R:  120.00 | R500: 122.00 | R[p25/p50/p75]: 119.0/ 120.0/ 127.0 | W/L/D:99.0%/ 1.0%/ 0.0% | Loss(ep):6.82069 | Loss(ma):6.01635±2.39513 | Eps:0.142 | LR:5.0e-05 | Buf: 73676 | T:75.4s
Ep:  4000 | R:  114.00 | R500: 122.03 | R[p25/p50/p75]: 119.0/ 120.0/ 127.0 | W/L/D:99.0%/ 1.0%/ 0.0% | Loss(ep):7.27327 | Loss(ma):6.04110±2.40162 | Eps:0.135 | LR:5.0e-05 | Buf: 74624 | T:76.4s
[Eval@4000] W/L/D=200/0/0 | WR/LR/DR:100.0%/0.0%/0.0% | AvgR:122.65
Ep:  4100 | R:  120.00 | R500: 122.88 | R[p25/p50/p75]: 119.0/ 120.0/ 129.0 | W/L/D:99.2%/ 0.8%/ 0.0% | Loss(ep):7.53840 | Loss(ma):6.05062±2.37517 | Eps:0.129 | LR:5.0e-05 | Buf: 75610 | T:77.6s
Ep:  4200 | R:  120.00 | R500: 122.44 | R[p25/p50/p75]: 119.0/ 120.0/ 127.0 | W/L/D:99.2%/ 0.8%/ 0.0% | Loss(ep):6.50479 | Loss(ma):6.07364±2.36490 | Eps:0.122 | LR:5.0e-05 | Buf: 76487 | T:78.5s
Ep:  4300 | R:  144.00 | R500: 121.89 | R[p25/p50/p75]: 119.0/ 120.0/ 127.0 | W/L/D:99.0%/ 1.0%/ 0.0% | Loss(ep):5.93182 | Loss(ma):6.13831±2.38185 | Eps:0.116 | LR:5.0e-05 | Buf: 77391 | T:79.4s
Ep:  4400 | R:  115.00 | R500: 121.48 | R[p25/p50/p75]: 119.0/ 120.0/ 127.0 | W/L/D:98.8%/ 1.2%/ 0.0% | Loss(ep):4.99670 | Loss(ma):6.18405±2.38128 | Eps:0.111 | LR:5.0e-05 | Buf: 78289 | T:80.3s
Ep:  4500 | R:  120.00 | R500: 121.18 | R[p25/p50/p75]: 119.0/ 120.0/ 125.6 | W/L/D:98.8%/ 1.2%/ 0.0% | Loss(ep):6.77338 | Loss(ma):6.21372±2.37405 | Eps:0.105 | LR:5.0e-05 | Buf: 79145 | T:81.1s
Ep:  4600 | R:  118.00 | R500: 121.55 | R[p25/p50/p75]: 119.0/ 120.0/ 125.0 | W/L/D:99.2%/ 0.8%/ 0.0% | Loss(ep):7.05235 | Loss(ma):6.28070±2.36394 | Eps:0.100 | LR:5.0e-05 | Buf: 80028 | T:82.0s
Ep:  4700 | R:  118.00 | R500: 121.68 | R[p25/p50/p75]: 119.0/ 120.0/ 125.0 | W/L/D:99.2%/ 0.8%/ 0.0% | Loss(ep):6.92526 | Loss(ma):6.31291±2.35129 | Eps:0.095 | LR:5.0e-05 | Buf: 80909 | T:82.9s
Ep:  4800 | R:  134.00 | R500: 122.67 | R[p25/p50/p75]: 119.0/ 120.0/ 125.0 | W/L/D:99.6%/ 0.4%/ 0.0% | Loss(ep):6.45557 | Loss(ma):6.35682±2.35410 | Eps:0.091 | LR:5.0e-05 | Buf: 81763 | T:83.7s
Ep:  4900 | R:  115.00 | R500: 123.29 | R[p25/p50/p75]: 119.0/ 120.0/ 125.0 | W/L/D:99.8%/ 0.2%/ 0.0% | Loss(ep):6.20845 | Loss(ma):6.37153±2.33470 | Eps:0.086 | LR:5.0e-05 | Buf: 82577 | T:84.6s
Ep:  5000 | R:  127.00 | R500: 122.56 | R[p25/p50/p75]: 119.0/ 120.0/ 126.3 | W/L/D:99.4%/ 0.6%/ 0.0% | Loss(ep):8.76377 | Loss(ma):6.37885±2.31834 | Eps:0.082 | LR:5.0e-05 | Buf: 83441 | T:85.5s
[Eval@5000] W/L/D=199/1/0 | WR/LR/DR:99.5%/0.5%/0.0% | AvgR:121.73
Ep:  5100 | R:  116.00 | R500: 122.53 | R[p25/p50/p75]: 119.0/ 120.0/ 127.0 | W/L/D:99.4%/ 0.6%/ 0.0% | Loss(ep):6.14054 | Loss(ma):6.41576±2.31967 | Eps:0.078 | LR:5.0e-05 | Buf: 84311 | T:86.6s
Ep:  5200 | R:  113.00 | R500: 122.32 | R[p25/p50/p75]: 119.0/ 120.0/ 126.6 | W/L/D:99.4%/ 0.6%/ 0.0% | Loss(ep):5.41551 | Loss(ma):6.40523±2.30245 | Eps:0.074 | LR:5.0e-05 | Buf: 85071 | T:87.3s
Ep:  5300 | R:  119.00 | R500: 122.02 | R[p25/p50/p75]: 119.0/ 120.0/ 125.0 | W/L/D:99.4%/ 0.6%/ 0.0% | Loss(ep):9.20010 | Loss(ma):6.41420±2.29734 | Eps:0.071 | LR:5.0e-05 | Buf: 85860 | T:88.1s
Ep:  5400 | R:  124.00 | R500: 121.91 | R[p25/p50/p75]: 119.0/ 120.0/ 125.0 | W/L/D:99.4%/ 0.6%/ 0.0% | Loss(ep):7.23512 | Loss(ma):6.42677±2.26259 | Eps:0.067 | LR:5.0e-05 | Buf: 86648 | T:88.9s
Ep:  5500 | R:  133.00 | R500: 123.21 | R[p25/p50/p75]: 119.0/ 120.0/ 125.0 | W/L/D:100.0%/ 0.0%/ 0.0% | Loss(ep):7.05723 | Loss(ma):6.43560±2.24028 | Eps:0.064 | LR:5.0e-05 | Buf: 87496 | T:89.7s
Ep:  5600 | R:  119.00 | R500: 123.29 | R[p25/p50/p75]: 119.0/ 120.0/ 125.0 | W/L/D:100.0%/ 0.0%/ 0.0% | Loss(ep):6.90061 | Loss(ma):6.45185±2.21411 | Eps:0.061 | LR:5.0e-05 | Buf: 88300 | T:90.5s
Ep:  5700 | R:  118.00 | R500: 123.81 | R[p25/p50/p75]: 119.0/ 120.0/ 125.2 | W/L/D:100.0%/ 0.0%/ 0.0% | Loss(ep):7.04589 | Loss(ma):6.47339±2.20513 | Eps:0.058 | LR:5.0e-05 | Buf: 89148 | T:91.4s
Ep:  5800 | R:  120.00 | R500: 123.94 | R[p25/p50/p75]: 119.0/ 120.0/ 125.1 | W/L/D:100.0%/ 0.0%/ 0.0% | Loss(ep):6.49828 | Loss(ma):6.48427±2.17590 | Eps:0.055 | LR:5.0e-05 | Buf: 90013 | T:92.2s
Ep:  5900 | R:  119.00 | R500: 124.11 | R[p25/p50/p75]: 119.0/ 120.0/ 127.0 | W/L/D:100.0%/ 0.0%/ 0.0% | Loss(ep):5.85051 | Loss(ma):6.48656±2.14714 | Eps:0.052 | LR:5.0e-05 | Buf: 90825 | T:93.0s
Ep:  6000 | R:  129.00 | R500: 123.92 | R[p25/p50/p75]: 119.0/ 120.0/ 127.0 | W/L/D:100.0%/ 0.0%/ 0.0% | Loss(ep):7.47452 | Loss(ma):6.47748±2.14247 | Eps:0.050 | LR:5.0e-05 | Buf: 91618 | T:93.8s
[Eval@6000] W/L/D=199/1/0 | WR/LR/DR:99.5%/0.5%/0.0% | AvgR:122.00
Ep:  6100 | R:  136.75 | R500: 122.82 | R[p25/p50/p75]: 119.0/ 120.0/ 125.1 | W/L/D:99.6%/ 0.4%/ 0.0% | Loss(ep):6.75060 | Loss(ma):6.48437±2.14675 | Eps:0.050 | LR:5.0e-05 | Buf: 92387 | T:94.8s
Ep:  6200 | R:  120.00 | R500: 122.06 | R[p25/p50/p75]: 119.0/ 120.0/ 125.0 | W/L/D:99.4%/ 0.6%/ 0.0% | Loss(ep):5.55903 | Loss(ma):6.49543±2.13705 | Eps:0.050 | LR:5.0e-05 | Buf: 93232 | T:95.6s
Ep:  6300 | R:  119.00 | R500: 122.09 | R[p25/p50/p75]: 119.0/ 120.0/ 125.0 | W/L/D:99.4%/ 0.6%/ 0.0% | Loss(ep):6.66495 | Loss(ma):6.49752±2.10252 | Eps:0.050 | LR:5.0e-05 | Buf: 94046 | T:96.4s
Ep:  6400 | R:  118.00 | R500: 121.81 | R[p25/p50/p75]: 119.0/ 120.0/ 125.0 | W/L/D:99.4%/ 0.6%/ 0.0% | Loss(ep):6.43357 | Loss(ma):6.48415±2.09251 | Eps:0.050 | LR:5.0e-05 | Buf: 94863 | T:97.3s
Ep:  6500 | R:  122.00 | R500: 122.17 | R[p25/p50/p75]: 119.0/ 120.0/ 125.0 | W/L/D:99.4%/ 0.6%/ 0.0% | Loss(ep):6.87037 | Loss(ma):6.45155±2.07477 | Eps:0.050 | LR:5.0e-05 | Buf: 95734 | T:98.1s
Ep:  6600 | R:  123.00 | R500: 122.76 | R[p25/p50/p75]: 119.0/ 120.0/ 125.0 | W/L/D:99.6%/ 0.4%/ 0.0% | Loss(ep):6.69528 | Loss(ma):6.44072±2.05285 | Eps:0.050 | LR:5.0e-05 | Buf: 96517 | T:98.9s
Ep:  6700 | R:  120.00 | R500: 123.35 | R[p25/p50/p75]: 119.0/ 120.0/ 125.0 | W/L/D:99.8%/ 0.2%/ 0.0% | Loss(ep):5.79099 | Loss(ma):6.42396±2.01619 | Eps:0.050 | LR:5.0e-05 | Buf: 97330 | T:99.7s
Ep:  6800 | R:  133.00 | R500: 123.34 | R[p25/p50/p75]: 119.0/ 120.0/ 125.0 | W/L/D:99.8%/ 0.2%/ 0.0% | Loss(ep):5.68031 | Loss(ma):6.40368±1.98665 | Eps:0.050 | LR:5.0e-05 | Buf: 98129 | T:100.5s
Ep:  6900 | R:  118.00 | R500: 123.43 | R[p25/p50/p75]: 119.0/ 120.0/ 125.0 | W/L/D:99.8%/ 0.2%/ 0.0% | Loss(ep):6.34635 | Loss(ma):6.35599±1.93764 | Eps:0.050 | LR:5.0e-05 | Buf: 98989 | T:101.4s
Ep:  7000 | R:  115.00 | R500: 123.17 | R[p25/p50/p75]: 119.0/ 120.0/ 125.0 | W/L/D:99.8%/ 0.2%/ 0.0% | Loss(ep):5.12226 | Loss(ma):6.33194±1.92418 | Eps:0.050 | LR:5.0e-05 | Buf: 99774 | T:102.2s
[Eval@7000] W/L/D=199/1/0 | WR/LR/DR:99.5%/0.5%/0.0% | AvgR:122.91
Ep:  7100 | R:  120.00 | R500: 123.63 | R[p25/p50/p75]: 119.0/ 120.0/ 125.0 | W/L/D:100.0%/ 0.0%/ 0.0% | Loss(ep):6.80296 | Loss(ma):6.32283±1.91637 | Eps:0.050 | LR:5.0e-05 | Buf:100000 | T:103.1s
Ep:  7200 | R:  128.00 | R500: 123.45 | R[p25/p50/p75]: 119.0/ 120.0/ 125.0 | W/L/D:100.0%/ 0.0%/ 0.0% | Loss(ep):6.09705 | Loss(ma):6.31700±1.90640 | Eps:0.050 | LR:5.0e-05 | Buf:100000 | T:104.0s
Ep:  7300 | R:  119.00 | R500: 123.68 | R[p25/p50/p75]: 119.0/ 120.0/ 125.0 | W/L/D:100.0%/ 0.0%/ 0.0% | Loss(ep):6.53059 | Loss(ma):6.28759±1.87716 | Eps:0.050 | LR:5.0e-05 | Buf:100000 | T:104.8s
Ep:  7400 | R:  120.00 | R500: 123.24 | R[p25/p50/p75]: 119.0/ 120.0/ 125.8 | W/L/D:99.8%/ 0.2%/ 0.0% | Loss(ep):5.72530 | Loss(ma):6.26012±1.87210 | Eps:0.050 | LR:5.0e-05 | Buf:100000 | T:105.6s
Ep:  7500 | R:  114.00 | R500: 123.27 | R[p25/p50/p75]: 119.0/ 120.0/ 125.2 | W/L/D:99.8%/ 0.2%/ 0.0% | Loss(ep):5.75369 | Loss(ma):6.23746±1.85440 | Eps:0.050 | LR:5.0e-05 | Buf:100000 | T:106.4s
Ep:  7600 | R:  128.00 | R500: 123.25 | R[p25/p50/p75]: 119.0/ 120.0/ 125.8 | W/L/D:99.8%/ 0.2%/ 0.0% | Loss(ep):6.85502 | Loss(ma):6.20944±1.82792 | Eps:0.050 | LR:5.0e-05 | Buf:100000 | T:107.2s
Ep:  7700 | R:  128.00 | R500: 123.05 | R[p25/p50/p75]: 119.0/ 120.0/ 125.0 | W/L/D:99.8%/ 0.2%/ 0.0% | Loss(ep):6.34499 | Loss(ma):6.19233±1.80350 | Eps:0.050 | LR:5.0e-05 | Buf:100000 | T:107.9s
Ep:  7800 | R:  120.00 | R500: 122.74 | R[p25/p50/p75]: 119.0/ 120.0/ 125.0 | W/L/D:99.8%/ 0.2%/ 0.0% | Loss(ep):5.22295 | Loss(ma):6.19616±1.79760 | Eps:0.050 | LR:5.0e-05 | Buf:100000 | T:108.8s
Ep:  7900 | R:  120.00 | R500: 123.38 | R[p25/p50/p75]: 119.0/ 120.0/ 125.0 | W/L/D:100.0%/ 0.0%/ 0.0% | Loss(ep):5.27666 | Loss(ma):6.17930±1.79301 | Eps:0.050 | LR:5.0e-05 | Buf:100000 | T:109.5s
Ep:  8000 | R:  119.00 | R500: 123.47 | R[p25/p50/p75]: 119.0/ 120.0/ 125.0 | W/L/D:100.0%/ 0.0%/ 0.0% | Loss(ep):6.89499 | Loss(ma):6.17649±1.77466 | Eps:0.050 | LR:5.0e-05 | Buf:100000 | T:110.3s
[Eval@8000] W/L/D=200/0/0 | WR/LR/DR:100.0%/0.0%/0.0% | AvgR:122.86
Ep:  8100 | R:  133.00 | R500: 123.42 | R[p25/p50/p75]: 119.0/ 120.0/ 125.0 | W/L/D:100.0%/ 0.0%/ 0.0% | Loss(ep):4.74388 | Loss(ma):6.14037±1.74913 | Eps:0.050 | LR:5.0e-05 | Buf:100000 | T:111.3s
Ep:  8200 | R:  119.00 | R500: 123.09 | R[p25/p50/p75]: 119.0/ 120.0/ 125.0 | W/L/D:99.8%/ 0.2%/ 0.0% | Loss(ep):6.21627 | Loss(ma):6.11864±1.73126 | Eps:0.050 | LR:5.0e-05 | Buf:100000 | T:112.1s
Ep:  8300 | R:  117.75 | R500: 123.14 | R[p25/p50/p75]: 119.0/ 120.0/ 125.0 | W/L/D:99.8%/ 0.2%/ 0.0% | Loss(ep):6.14254 | Loss(ma):6.08469±1.69506 | Eps:0.050 | LR:5.0e-05 | Buf:100000 | T:112.9s
Ep:  8400 | R:  119.00 | R500: 122.75 | R[p25/p50/p75]: 119.0/ 120.0/ 125.0 | W/L/D:99.8%/ 0.2%/ 0.0% | Loss(ep):4.65659 | Loss(ma):6.05972±1.68558 | Eps:0.050 | LR:5.0e-05 | Buf:100000 | T:113.7s
Ep:  8500 | R:  120.00 | R500: 122.45 | R[p25/p50/p75]: 119.0/ 120.0/ 125.0 | W/L/D:99.8%/ 0.2%/ 0.0% | Loss(ep):5.66763 | Loss(ma):6.00806±1.64800 | Eps:0.050 | LR:5.0e-05 | Buf:100000 | T:114.4s
Ep:  8600 | R:  126.75 | R500: 121.88 | R[p25/p50/p75]: 119.0/ 120.0/ 125.0 | W/L/D:99.6%/ 0.4%/ 0.0% | Loss(ep):5.20203 | Loss(ma):5.97146±1.62110 | Eps:0.050 | LR:5.0e-05 | Buf:100000 | T:115.2s
Ep:  8700 | R:  130.00 | R500: 122.03 | R[p25/p50/p75]: 119.0/ 120.0/ 125.0 | W/L/D:99.8%/ 0.2%/ 0.0% | Loss(ep):5.01408 | Loss(ma):5.95712±1.60624 | Eps:0.050 | LR:5.0e-05 | Buf:100000 | T:115.9s
Ep:  8800 | R:  116.75 | R500: 122.13 | R[p25/p50/p75]: 119.0/ 120.0/ 125.0 | W/L/D:99.8%/ 0.2%/ 0.0% | Loss(ep):5.89568 | Loss(ma):5.91241±1.59464 | Eps:0.050 | LR:5.0e-05 | Buf:100000 | T:116.7s
Ep:  8900 | R:  119.00 | R500: 121.96 | R[p25/p50/p75]: 119.0/ 120.0/ 125.0 | W/L/D:99.6%/ 0.4%/ 0.0% | Loss(ep):6.13327 | Loss(ma):5.88796±1.58500 | Eps:0.050 | LR:5.0e-05 | Buf:100000 | T:117.5s
Ep:  9000 | R:  120.00 | R500: 122.10 | R[p25/p50/p75]: 119.0/ 120.0/ 125.0 | W/L/D:99.6%/ 0.4%/ 0.0% | Loss(ep):5.11835 | Loss(ma):5.84156±1.55782 | Eps:0.050 | LR:5.0e-05 | Buf:100000 | T:118.3s
[Eval@9000] W/L/D=199/1/0 | WR/LR/DR:99.5%/0.5%/0.0% | AvgR:122.05
Ep:  9100 | R:  130.00 | R500: 122.62 | R[p25/p50/p75]: 119.0/ 120.0/ 125.0 | W/L/D:99.8%/ 0.2%/ 0.0% | Loss(ep):5.50454 | Loss(ma):5.75866±1.51488 | Eps:0.050 | LR:5.0e-05 | Buf:100000 | T:119.3s
Ep:  9200 | R:  120.00 | R500: 122.50 | R[p25/p50/p75]: 119.0/ 120.0/ 125.0 | W/L/D:99.6%/ 0.4%/ 0.0% | Loss(ep):4.74739 | Loss(ma):5.71876±1.49118 | Eps:0.050 | LR:5.0e-05 | Buf:100000 | T:120.1s
Ep:  9300 | R:  123.00 | R500: 122.26 | R[p25/p50/p75]: 119.0/ 120.0/ 125.0 | W/L/D:99.6%/ 0.4%/ 0.0% | Loss(ep):5.63032 | Loss(ma):5.66704±1.46181 | Eps:0.050 | LR:5.0e-05 | Buf:100000 | T:120.9s
Ep:  9400 | R:  123.00 | R500: 122.53 | R[p25/p50/p75]: 119.0/ 120.0/ 125.0 | W/L/D:99.8%/ 0.2%/ 0.0% | Loss(ep):5.59668 | Loss(ma):5.65070±1.47939 | Eps:0.050 | LR:5.0e-05 | Buf:100000 | T:121.7s
Ep:  9500 | R:  114.00 | R500: 121.58 | R[p25/p50/p75]: 119.0/ 120.0/ 125.0 | W/L/D:99.4%/ 0.6%/ 0.0% | Loss(ep):4.63151 | Loss(ma):5.58076±1.43808 | Eps:0.050 | LR:5.0e-05 | Buf:100000 | T:122.5s
Ep:  9600 | R:  119.00 | R500: 121.62 | R[p25/p50/p75]: 119.0/ 120.0/ 125.0 | W/L/D:99.4%/ 0.6%/ 0.0% | Loss(ep):5.06515 | Loss(ma):5.53940±1.41423 | Eps:0.050 | LR:5.0e-05 | Buf:100000 | T:123.2s
Ep:  9700 | R:  120.00 | R500: 121.52 | R[p25/p50/p75]: 119.0/ 120.0/ 125.0 | W/L/D:99.4%/ 0.6%/ 0.0% | Loss(ep):5.74587 | Loss(ma):5.51143±1.43441 | Eps:0.050 | LR:5.0e-05 | Buf:100000 | T:124.0s
Ep:  9800 | R:  125.00 | R500: 121.77 | R[p25/p50/p75]: 119.0/ 120.0/ 125.0 | W/L/D:99.4%/ 0.6%/ 0.0% | Loss(ep):5.59632 | Loss(ma):5.47525±1.41867 | Eps:0.050 | LR:5.0e-05 | Buf:100000 | T:124.8s
Ep:  9900 | R:  120.00 | R500: 120.88 | R[p25/p50/p75]: 119.0/ 120.0/ 125.0 | W/L/D:99.0%/ 1.0%/ 0.0% | Loss(ep):4.75324 | Loss(ma):5.42766±1.41247 | Eps:0.050 | LR:5.0e-05 | Buf:100000 | T:125.6s
[LR] Decayed learning rate to 1e-05
Ep: 10000 | R:  120.00 | R500: 121.99 | R[p25/p50/p75]: 119.0/ 120.0/ 125.0 | W/L/D:99.4%/ 0.6%/ 0.0% | Loss(ep):5.14552 | Loss(ma):5.35973±1.38081 | Eps:0.050 | LR:1.0e-05 | Buf:100000 | T:126.4s
[Eval@10000] W/L/D=199/1/0 | WR/LR/DR:99.5%/0.5%/0.0% | AvgR:121.91
Ep: 10100 | R:  120.00 | R500: 122.14 | R[p25/p50/p75]: 119.0/ 120.0/ 125.0 | W/L/D:99.4%/ 0.6%/ 0.0% | Loss(ep):5.31099 | Loss(ma):5.29050±1.35809 | Eps:0.050 | LR:1.0e-05 | Buf:100000 | T:127.5s
Ep: 10200 | R:  164.00 | R500: 123.25 | R[p25/p50/p75]: 119.0/ 120.0/ 125.0 | W/L/D:99.6%/ 0.4%/ 0.0% | Loss(ep):5.19007 | Loss(ma):5.24739±1.36368 | Eps:0.050 | LR:1.0e-05 | Buf:100000 | T:128.4s
Ep: 10300 | R:  120.00 | R500: 123.27 | R[p25/p50/p75]: 119.0/ 120.0/ 125.2 | W/L/D:99.6%/ 0.4%/ 0.0% | Loss(ep):4.86068 | Loss(ma):5.17788±1.31349 | Eps:0.050 | LR:1.0e-05 | Buf:100000 | T:129.2s
Ep: 10400 | R:  119.00 | R500: 124.42 | R[p25/p50/p75]: 119.0/ 120.0/ 125.8 | W/L/D:100.0%/ 0.0%/ 0.0% | Loss(ep):5.85446 | Loss(ma):5.12613±1.30872 | Eps:0.050 | LR:1.0e-05 | Buf:100000 | T:130.1s
Ep: 10500 | R:  120.00 | R500: 124.35 | R[p25/p50/p75]: 119.0/ 120.0/ 126.0 | W/L/D:100.0%/ 0.0%/ 0.0% | Loss(ep):4.36610 | Loss(ma):5.07762±1.28931 | Eps:0.050 | LR:1.0e-05 | Buf:100000 | T:130.9s
Ep: 10600 | R:  133.00 | R500: 123.81 | R[p25/p50/p75]: 119.0/ 120.0/ 126.0 | W/L/D:99.6%/ 0.4%/ 0.0% | Loss(ep):5.23607 | Loss(ma):5.03205±1.28471 | Eps:0.050 | LR:1.0e-05 | Buf:100000 | T:131.8s
Ep: 10700 | R:  118.00 | R500: 123.55 | R[p25/p50/p75]: 119.0/ 120.0/ 126.0 | W/L/D:99.6%/ 0.4%/ 0.0% | Loss(ep):4.14373 | Loss(ma):5.00862±1.29511 | Eps:0.050 | LR:1.0e-05 | Buf:100000 | T:132.7s
Ep: 10800 | R:  120.00 | R500: 123.69 | R[p25/p50/p75]: 119.0/ 120.0/ 127.2 | W/L/D:99.4%/ 0.6%/ 0.0% | Loss(ep):5.20755 | Loss(ma):4.96428±1.26142 | Eps:0.050 | LR:1.0e-05 | Buf:100000 | T:133.6s
Ep: 10900 | R:  164.00 | R500: 123.99 | R[p25/p50/p75]: 119.0/ 120.0/ 129.0 | W/L/D:99.2%/ 0.8%/ 0.0% | Loss(ep):4.85345 | Loss(ma):4.90326±1.23174 | Eps:0.050 | LR:1.0e-05 | Buf:100000 | T:134.6s
Ep: 11000 | R:  147.75 | R500: 124.53 | R[p25/p50/p75]: 119.0/ 120.0/ 130.0 | W/L/D:99.0%/ 1.0%/ 0.0% | Loss(ep):5.01070 | Loss(ma):4.85478±1.22191 | Eps:0.050 | LR:1.0e-05 | Buf:100000 | T:135.5s
[Eval@11000] W/L/D=200/0/0 | WR/LR/DR:100.0%/0.0%/0.0% | AvgR:127.21
Ep: 11100 | R:  124.00 | R500: 124.97 | R[p25/p50/p75]: 119.0/ 120.0/ 130.0 | W/L/D:99.2%/ 0.8%/ 0.0% | Loss(ep):4.82567 | Loss(ma):4.79047±1.18422 | Eps:0.050 | LR:1.0e-05 | Buf:100000 | T:136.6s
Ep: 11200 | R:  138.75 | R500: 125.08 | R[p25/p50/p75]: 120.0/ 120.0/ 130.8 | W/L/D:99.0%/ 1.0%/ 0.0% | Loss(ep):4.39229 | Loss(ma):4.72340±1.13347 | Eps:0.050 | LR:1.0e-05 | Buf:100000 | T:137.5s
Ep: 11300 | R:  115.00 | R500: 124.97 | R[p25/p50/p75]: 119.0/ 120.0/ 130.2 | W/L/D:99.0%/ 1.0%/ 0.0% | Loss(ep):4.39742 | Loss(ma):4.66883±1.12827 | Eps:0.050 | LR:1.0e-05 | Buf:100000 | T:138.5s
Ep: 11400 | R:  139.00 | R500: 124.42 | R[p25/p50/p75]: 119.0/ 120.0/ 130.0 | W/L/D:99.0%/ 1.0%/ 0.0% | Loss(ep):4.07809 | Loss(ma):4.61702±1.12259 | Eps:0.050 | LR:1.0e-05 | Buf:100000 | T:139.4s
Ep: 11500 | R:  120.00 | R500: 124.20 | R[p25/p50/p75]: 119.0/ 120.0/ 130.0 | W/L/D:99.0%/ 1.0%/ 0.0% | Loss(ep):4.26926 | Loss(ma):4.54197±1.07683 | Eps:0.050 | LR:1.0e-05 | Buf:100000 | T:140.3s
Ep: 11600 | R:  149.00 | R500: 124.85 | R[p25/p50/p75]: 119.0/ 121.0/ 130.0 | W/L/D:99.2%/ 0.8%/ 0.0% | Loss(ep):4.78739 | Loss(ma):4.49643±1.07285 | Eps:0.050 | LR:1.0e-05 | Buf:100000 | T:141.2s
Ep: 11700 | R:  119.00 | R500: 124.40 | R[p25/p50/p75]: 119.0/ 120.0/ 129.2 | W/L/D:99.2%/ 0.8%/ 0.0% | Loss(ep):4.73654 | Loss(ma):4.44416±1.05373 | Eps:0.050 | LR:1.0e-05 | Buf:100000 | T:142.1s
Ep: 11800 | R:  118.00 | R500: 124.14 | R[p25/p50/p75]: 119.0/ 120.0/ 130.0 | W/L/D:99.0%/ 1.0%/ 0.0% | Loss(ep):3.91255 | Loss(ma):4.39101±1.04712 | Eps:0.050 | LR:1.0e-05 | Buf:100000 | T:143.0s
Ep: 11900 | R:  125.00 | R500: 124.76 | R[p25/p50/p75]: 120.0/ 120.0/ 130.0 | W/L/D:99.2%/ 0.8%/ 0.0% | Loss(ep):3.96979 | Loss(ma):4.34331±1.02034 | Eps:0.050 | LR:1.0e-05 | Buf:100000 | T:143.8s
Ep: 12000 | R:  113.00 | R500: 124.83 | R[p25/p50/p75]: 119.0/ 120.0/ 130.0 | W/L/D:99.4%/ 0.6%/ 0.0% | Loss(ep):4.07944 | Loss(ma):4.30590±1.02707 | Eps:0.050 | LR:1.0e-05 | Buf:100000 | T:144.8s
[Eval@12000] W/L/D=197/3/0 | WR/LR/DR:98.5%/1.5%/0.0% | AvgR:122.67
Ep: 12100 | R:  120.00 | R500: 125.17 | R[p25/p50/p75]: 119.0/ 120.0/ 132.2 | W/L/D:99.4%/ 0.6%/ 0.0% | Loss(ep):4.65711 | Loss(ma):4.26025±1.01931 | Eps:0.050 | LR:1.0e-05 | Buf:100000 | T:146.0s
Ep: 12200 | R:  119.00 | R500: 125.70 | R[p25/p50/p75]: 120.0/ 122.0/ 133.0 | W/L/D:99.4%/ 0.6%/ 0.0% | Loss(ep):5.01784 | Loss(ma):4.20500±1.00824 | Eps:0.050 | LR:1.0e-05 | Buf:100000 | T:146.9s
Ep: 12300 | R:  177.75 | R500: 125.81 | R[p25/p50/p75]: 119.0/ 120.8/ 130.0 | W/L/D:99.6%/ 0.4%/ 0.0% | Loss(ep):4.02126 | Loss(ma):4.14771±0.98019 | Eps:0.050 | LR:1.0e-05 | Buf:100000 | T:147.9s
Ep: 12400 | R:  118.00 | R500: 126.06 | R[p25/p50/p75]: 119.0/ 120.0/ 131.8 | W/L/D:99.6%/ 0.4%/ 0.0% | Loss(ep):4.35142 | Loss(ma):4.10876±0.96509 | Eps:0.050 | LR:1.0e-05 | Buf:100000 | T:148.8s
Ep: 12500 | R:  118.00 | R500: 125.25 | R[p25/p50/p75]: 119.0/ 120.0/ 131.0 | W/L/D:99.2%/ 0.8%/ 0.0% | Loss(ep):4.41622 | Loss(ma):4.04210±0.92457 | Eps:0.050 | LR:1.0e-05 | Buf:100000 | T:149.7s
Ep: 12600 | R:  118.00 | R500: 124.93 | R[p25/p50/p75]: 119.0/ 120.0/ 130.0 | W/L/D:99.2%/ 0.8%/ 0.0% | Loss(ep):4.11074 | Loss(ma):4.00167±0.91208 | Eps:0.050 | LR:1.0e-05 | Buf:100000 | T:150.5s
Ep: 12700 | R:  119.00 | R500: 125.21 | R[p25/p50/p75]: 119.0/ 120.0/ 129.2 | W/L/D:99.4%/ 0.6%/ 0.0% | Loss(ep):3.81397 | Loss(ma):3.94919±0.89248 | Eps:0.050 | LR:1.0e-05 | Buf:100000 | T:151.4s
Ep: 12800 | R:  119.00 | R500: 125.79 | R[p25/p50/p75]: 119.0/ 120.0/ 130.0 | W/L/D:99.6%/ 0.4%/ 0.0% | Loss(ep):3.58773 | Loss(ma):3.90597±0.87132 | Eps:0.050 | LR:1.0e-05 | Buf:100000 | T:152.3s
Ep: 12900 | R:  120.00 | R500: 125.57 | R[p25/p50/p75]: 119.0/ 120.0/ 130.0 | W/L/D:99.6%/ 0.4%/ 0.0% | Loss(ep):3.69789 | Loss(ma):3.85317±0.85017 | Eps:0.050 | LR:1.0e-05 | Buf:100000 | T:153.2s
Ep: 13000 | R:  124.00 | R500: 125.75 | R[p25/p50/p75]: 119.0/ 120.0/ 130.0 | W/L/D:99.8%/ 0.2%/ 0.0% | Loss(ep):3.61662 | Loss(ma):3.82213±0.85497 | Eps:0.050 | LR:1.0e-05 | Buf:100000 | T:154.1s
[Eval@13000] W/L/D=200/0/0 | WR/LR/DR:100.0%/0.0%/0.0% | AvgR:125.21
Ep: 13100 | R:  121.00 | R500: 125.21 | R[p25/p50/p75]: 119.0/ 120.0/ 129.0 | W/L/D:99.8%/ 0.2%/ 0.0% | Loss(ep):3.84114 | Loss(ma):3.78676±0.83832 | Eps:0.050 | LR:1.0e-05 | Buf:100000 | T:155.2s
Ep: 13200 | R:  118.00 | R500: 124.73 | R[p25/p50/p75]: 119.0/ 120.0/ 128.0 | W/L/D:99.8%/ 0.2%/ 0.0% | Loss(ep):3.49377 | Loss(ma):3.75255±0.82695 | Eps:0.050 | LR:1.0e-05 | Buf:100000 | T:156.1s
Ep: 13300 | R:  140.00 | R500: 124.28 | R[p25/p50/p75]: 119.0/ 120.0/ 128.0 | W/L/D:99.8%/ 0.2%/ 0.0% | Loss(ep):3.43123 | Loss(ma):3.72667±0.80873 | Eps:0.050 | LR:1.0e-05 | Buf:100000 | T:156.9s
Ep: 13400 | R:  122.00 | R500: 123.97 | R[p25/p50/p75]: 119.0/ 120.0/ 128.0 | W/L/D:99.8%/ 0.2%/ 0.0% | Loss(ep):3.47960 | Loss(ma):3.71014±0.82182 | Eps:0.050 | LR:1.0e-05 | Buf:100000 | T:157.8s
Ep: 13500 | R:  120.00 | R500: 124.72 | R[p25/p50/p75]: 119.0/ 120.0/ 128.0 | W/L/D:100.0%/ 0.0%/ 0.0% | Loss(ep):3.53211 | Loss(ma):3.68830±0.81462 | Eps:0.050 | LR:1.0e-05 | Buf:100000 | T:158.6s
Ep: 13600 | R:  123.00 | R500: 124.26 | R[p25/p50/p75]: 119.0/ 120.0/ 129.0 | W/L/D:99.6%/ 0.4%/ 0.0% | Loss(ep):3.52104 | Loss(ma):3.66354±0.81211 | Eps:0.050 | LR:1.0e-05 | Buf:100000 | T:159.6s
Ep: 13700 | R:  122.00 | R500: 124.01 | R[p25/p50/p75]: 119.0/ 120.0/ 128.0 | W/L/D:99.4%/ 0.6%/ 0.0% | Loss(ep):3.38871 | Loss(ma):3.65682±0.82438 | Eps:0.050 | LR:1.0e-05 | Buf:100000 | T:160.4s
Ep: 13800 | R:  118.00 | R500: 123.98 | R[p25/p50/p75]: 119.0/ 120.0/ 128.0 | W/L/D:99.4%/ 0.6%/ 0.0% | Loss(ep):3.51748 | Loss(ma):3.63794±0.81876 | Eps:0.050 | LR:1.0e-05 | Buf:100000 | T:161.2s
Ep: 13900 | R:  120.00 | R500: 123.10 | R[p25/p50/p75]: 119.0/ 120.0/ 126.2 | W/L/D:99.0%/ 1.0%/ 0.0% | Loss(ep):4.66496 | Loss(ma):3.62727±0.82226 | Eps:0.050 | LR:1.0e-05 | Buf:100000 | T:162.1s
Ep: 14000 | R:  115.00 | R500: 122.34 | R[p25/p50/p75]: 119.0/ 120.0/ 126.0 | W/L/D:98.8%/ 1.2%/ 0.0% | Loss(ep):3.89677 | Loss(ma):3.61134±0.81977 | Eps:0.050 | LR:1.0e-05 | Buf:100000 | T:162.9s
[Eval@14000] W/L/D=200/0/0 | WR/LR/DR:100.0%/0.0%/0.0% | AvgR:124.01
Ep: 14100 | R:  124.00 | R500: 122.52 | R[p25/p50/p75]: 119.0/ 120.0/ 125.0 | W/L/D:99.2%/ 0.8%/ 0.0% | Loss(ep):3.40310 | Loss(ma):3.59833±0.82583 | Eps:0.050 | LR:1.0e-05 | Buf:100000 | T:163.9s
Ep: 14200 | R:  123.00 | R500: 122.91 | R[p25/p50/p75]: 119.0/ 120.0/ 125.2 | W/L/D:99.2%/ 0.8%/ 0.0% | Loss(ep):3.88316 | Loss(ma):3.57817±0.81137 | Eps:0.050 | LR:1.0e-05 | Buf:100000 | T:164.8s
Ep: 14300 | R:  119.00 | R500: 123.02 | R[p25/p50/p75]: 119.0/ 120.0/ 125.0 | W/L/D:99.2%/ 0.8%/ 0.0% | Loss(ep):3.19861 | Loss(ma):3.56497±0.80713 | Eps:0.050 | LR:1.0e-05 | Buf:100000 | T:165.7s
Ep: 14400 | R:  114.00 | R500: 123.03 | R[p25/p50/p75]: 119.0/ 120.0/ 125.0 | W/L/D:99.4%/ 0.6%/ 0.0% | Loss(ep):4.24230 | Loss(ma):3.55069±0.78958 | Eps:0.050 | LR:1.0e-05 | Buf:100000 | T:166.5s
Ep: 14500 | R:  129.00 | R500: 123.13 | R[p25/p50/p75]: 119.0/ 120.0/ 125.0 | W/L/D:99.6%/ 0.4%/ 0.0% | Loss(ep):3.58518 | Loss(ma):3.53525±0.77691 | Eps:0.050 | LR:1.0e-05 | Buf:100000 | T:167.2s
Ep: 14600 | R:  120.00 | R500: 122.54 | R[p25/p50/p75]: 119.0/ 120.0/ 125.0 | W/L/D:99.2%/ 0.8%/ 0.0% | Loss(ep):3.41005 | Loss(ma):3.52903±0.78092 | Eps:0.050 | LR:1.0e-05 | Buf:100000 | T:168.0s
Ep: 14700 | R:  122.00 | R500: 121.65 | R[p25/p50/p75]: 119.0/ 120.0/ 124.8 | W/L/D:99.2%/ 0.8%/ 0.0% | Loss(ep):3.35884 | Loss(ma):3.52027±0.77403 | Eps:0.050 | LR:1.0e-05 | Buf:100000 | T:169.0s
Ep: 14800 | R:  120.00 | R500: 121.47 | R[p25/p50/p75]: 119.0/ 120.0/ 124.2 | W/L/D:99.2%/ 0.8%/ 0.0% | Loss(ep):3.23178 | Loss(ma):3.50701±0.74845 | Eps:0.050 | LR:1.0e-05 | Buf:100000 | T:171.0s
Ep: 14900 | R:  119.00 | R500: 122.00 | R[p25/p50/p75]: 119.0/ 120.0/ 125.0 | W/L/D:99.4%/ 0.6%/ 0.0% | Loss(ep):3.52680 | Loss(ma):3.50423±0.74627 | Eps:0.050 | LR:1.0e-05 | Buf:100000 | T:171.9s
Ep: 15000 | R:  120.00 | R500: 121.89 | R[p25/p50/p75]: 119.0/ 120.0/ 125.0 | W/L/D:99.2%/ 0.8%/ 0.0% | Loss(ep):3.34918 | Loss(ma):3.50127±0.75808 | Eps:0.050 | LR:1.0e-05 | Buf:100000 | T:172.7s
[Eval@15000] W/L/D=200/0/0 | WR/LR/DR:100.0%/0.0%/0.0% | AvgR:122.88
Ep: 15100 | R:  128.00 | R500: 122.93 | R[p25/p50/p75]: 119.0/ 120.0/ 125.0 | W/L/D:99.6%/ 0.4%/ 0.0% | Loss(ep):3.07165 | Loss(ma):3.49809±0.75741 | Eps:0.050 | LR:1.0e-05 | Buf:100000 | T:173.7s
Ep: 15200 | R:  118.75 | R500: 123.50 | R[p25/p50/p75]: 119.0/ 120.0/ 125.0 | W/L/D:99.8%/ 0.2%/ 0.0% | Loss(ep):3.32694 | Loss(ma):3.48402±0.74815 | Eps:0.050 | LR:1.0e-05 | Buf:100000 | T:174.5s
Ep: 15300 | R:  123.00 | R500: 123.41 | R[p25/p50/p75]: 119.0/ 120.0/ 125.0 | W/L/D:99.8%/ 0.2%/ 0.0% | Loss(ep):3.36718 | Loss(ma):3.47875±0.74465 | Eps:0.050 | LR:1.0e-05 | Buf:100000 | T:175.4s
Ep: 15400 | R:  119.00 | R500: 123.32 | R[p25/p50/p75]: 119.0/ 120.0/ 125.0 | W/L/D:99.8%/ 0.2%/ 0.0% | Loss(ep):3.30760 | Loss(ma):3.48340±0.77070 | Eps:0.050 | LR:1.0e-05 | Buf:100000 | T:176.2s
Ep: 15500 | R:  122.00 | R500: 123.82 | R[p25/p50/p75]: 119.0/ 120.0/ 125.0 | W/L/D:100.0%/ 0.0%/ 0.0% | Loss(ep):3.30430 | Loss(ma):3.48402±0.78160 | Eps:0.050 | LR:1.0e-05 | Buf:100000 | T:177.0s
Ep: 15600 | R:  120.00 | R500: 123.03 | R[p25/p50/p75]: 119.0/ 120.0/ 125.0 | W/L/D:99.8%/ 0.2%/ 0.0% | Loss(ep):3.32800 | Loss(ma):3.48128±0.77448 | Eps:0.050 | LR:1.0e-05 | Buf:100000 | T:177.8s
Ep: 15700 | R:  120.00 | R500: 122.91 | R[p25/p50/p75]: 119.0/ 120.0/ 125.0 | W/L/D:99.8%/ 0.2%/ 0.0% | Loss(ep):3.35541 | Loss(ma):3.48414±0.78760 | Eps:0.050 | LR:1.0e-05 | Buf:100000 | T:178.6s
Ep: 15800 | R:  115.00 | R500: 123.10 | R[p25/p50/p75]: 119.0/ 120.0/ 125.0 | W/L/D:99.8%/ 0.2%/ 0.0% | Loss(ep):3.92409 | Loss(ma):3.48559±0.79719 | Eps:0.050 | LR:1.0e-05 | Buf:100000 | T:179.4s
Ep: 15900 | R:  125.50 | R500: 123.10 | R[p25/p50/p75]: 119.0/ 120.0/ 125.0 | W/L/D:99.8%/ 0.2%/ 0.0% | Loss(ep):4.03630 | Loss(ma):3.48370±0.79113 | Eps:0.050 | LR:1.0e-05 | Buf:100000 | T:180.2s
Ep: 16000 | R:  129.00 | R500: 122.84 | R[p25/p50/p75]: 119.0/ 120.0/ 125.0 | W/L/D:99.8%/ 0.2%/ 0.0% | Loss(ep):3.51975 | Loss(ma):3.47626±0.78587 | Eps:0.050 | LR:1.0e-05 | Buf:100000 | T:181.0s
[Eval@16000] W/L/D=199/1/0 | WR/LR/DR:99.5%/0.5%/0.0% | AvgR:123.36
Ep: 16100 | R:  120.00 | R500: 123.40 | R[p25/p50/p75]: 119.0/ 120.0/ 125.0 | W/L/D:100.0%/ 0.0%/ 0.0% | Loss(ep):4.28321 | Loss(ma):3.48174±0.79426 | Eps:0.050 | LR:1.0e-05 | Buf:100000 | T:182.1s
Ep: 16200 | R:  120.00 | R500: 123.16 | R[p25/p50/p75]: 119.0/ 120.0/ 125.0 | W/L/D:100.0%/ 0.0%/ 0.0% | Loss(ep):3.44259 | Loss(ma):3.47911±0.78677 | Eps:0.050 | LR:1.0e-05 | Buf:100000 | T:182.8s
Ep: 16300 | R:  123.00 | R500: 122.98 | R[p25/p50/p75]: 119.0/ 120.0/ 125.0 | W/L/D:100.0%/ 0.0%/ 0.0% | Loss(ep):4.06175 | Loss(ma):3.48026±0.78417 | Eps:0.050 | LR:1.0e-05 | Buf:100000 | T:183.6s
Ep: 16400 | R:  138.00 | R500: 123.54 | R[p25/p50/p75]: 119.0/ 120.0/ 125.0 | W/L/D:100.0%/ 0.0%/ 0.0% | Loss(ep):3.36341 | Loss(ma):3.47504±0.76753 | Eps:0.050 | LR:1.0e-05 | Buf:100000 | T:184.5s
Ep: 16500 | R:  150.00 | R500: 123.57 | R[p25/p50/p75]: 119.0/ 120.0/ 125.0 | W/L/D:100.0%/ 0.0%/ 0.0% | Loss(ep):3.20260 | Loss(ma):3.47066±0.76786 | Eps:0.050 | LR:1.0e-05 | Buf:100000 | T:185.2s
Ep: 16600 | R:  120.00 | R500: 123.30 | R[p25/p50/p75]: 119.0/ 120.0/ 125.0 | W/L/D:100.0%/ 0.0%/ 0.0% | Loss(ep):3.40062 | Loss(ma):3.46878±0.76465 | Eps:0.050 | LR:1.0e-05 | Buf:100000 | T:186.0s
Ep: 16700 | R:  122.00 | R500: 123.38 | R[p25/p50/p75]: 119.0/ 120.0/ 125.0 | W/L/D:99.8%/ 0.2%/ 0.0% | Loss(ep):3.22843 | Loss(ma):3.46123±0.75410 | Eps:0.050 | LR:1.0e-05 | Buf:100000 | T:186.8s
Ep: 16800 | R:  118.00 | R500: 123.59 | R[p25/p50/p75]: 119.0/ 120.0/ 125.0 | W/L/D:99.8%/ 0.2%/ 0.0% | Loss(ep):3.94393 | Loss(ma):3.46078±0.75797 | Eps:0.050 | LR:1.0e-05 | Buf:100000 | T:187.7s
Ep: 16900 | R:  120.00 | R500: 123.08 | R[p25/p50/p75]: 119.0/ 120.0/ 125.0 | W/L/D:99.8%/ 0.2%/ 0.0% | Loss(ep):3.89026 | Loss(ma):3.45025±0.73544 | Eps:0.050 | LR:1.0e-05 | Buf:100000 | T:188.4s
Ep: 17000 | R:  118.00 | R500: 122.82 | R[p25/p50/p75]: 119.0/ 120.0/ 125.0 | W/L/D:99.8%/ 0.2%/ 0.0% | Loss(ep):3.51062 | Loss(ma):3.44720±0.72609 | Eps:0.050 | LR:1.0e-05 | Buf:100000 | T:189.2s
[Eval@17000] W/L/D=200/0/0 | WR/LR/DR:100.0%/0.0%/0.0% | AvgR:122.58
Ep: 17100 | R:  143.00 | R500: 123.10 | R[p25/p50/p75]: 119.0/ 120.0/ 125.0 | W/L/D:99.8%/ 0.2%/ 0.0% | Loss(ep):3.21422 | Loss(ma):3.44646±0.72027 | Eps:0.050 | LR:1.0e-05 | Buf:100000 | T:190.3s
Ep: 17200 | R:  125.00 | R500: 122.87 | R[p25/p50/p75]: 119.0/ 120.0/ 125.0 | W/L/D:99.8%/ 0.2%/ 0.0% | Loss(ep):3.39910 | Loss(ma):3.44579±0.70267 | Eps:0.050 | LR:1.0e-05 | Buf:100000 | T:191.1s
Ep: 17300 | R:  117.00 | R500: 122.47 | R[p25/p50/p75]: 119.0/ 120.0/ 125.0 | W/L/D:99.8%/ 0.2%/ 0.0% | Loss(ep):3.20991 | Loss(ma):3.44372±0.70031 | Eps:0.050 | LR:1.0e-05 | Buf:100000 | T:191.9s
Ep: 17400 | R:  120.00 | R500: 122.51 | R[p25/p50/p75]: 119.0/ 120.0/ 125.0 | W/L/D:99.8%/ 0.2%/ 0.0% | Loss(ep):3.12609 | Loss(ma):3.44184±0.68841 | Eps:0.050 | LR:1.0e-05 | Buf:100000 | T:192.7s
Ep: 17500 | R:  119.00 | R500: 122.53 | R[p25/p50/p75]: 119.0/ 120.0/ 124.2 | W/L/D:99.8%/ 0.2%/ 0.0% | Loss(ep):3.05133 | Loss(ma):3.45328±0.70211 | Eps:0.050 | LR:1.0e-05 | Buf:100000 | T:193.4s
Ep: 17600 | R:  125.00 | R500: 121.63 | R[p25/p50/p75]: 119.0/ 120.0/ 124.0 | W/L/D:99.4%/ 0.6%/ 0.0% | Loss(ep):3.43759 | Loss(ma):3.46352±0.71496 | Eps:0.050 | LR:1.0e-05 | Buf:100000 | T:194.2s
Ep: 17700 | R:  118.00 | R500: 121.45 | R[p25/p50/p75]: 119.0/ 120.0/ 124.0 | W/L/D:99.2%/ 0.8%/ 0.0% | Loss(ep):3.54989 | Loss(ma):3.47696±0.74472 | Eps:0.050 | LR:1.0e-05 | Buf:100000 | T:195.1s
Ep: 17800 | R:  120.00 | R500: 120.51 | R[p25/p50/p75]: 119.0/ 120.0/ 124.0 | W/L/D:98.8%/ 1.2%/ 0.0% | Loss(ep):3.07582 | Loss(ma):3.47475±0.74645 | Eps:0.050 | LR:1.0e-05 | Buf:100000 | T:195.8s
Ep: 17900 | R:  135.00 | R500: 119.98 | R[p25/p50/p75]: 119.0/ 120.0/ 124.0 | W/L/D:98.6%/ 1.4%/ 0.0% | Loss(ep):3.70527 | Loss(ma):3.48364±0.74764 | Eps:0.050 | LR:1.0e-05 | Buf:100000 | T:196.6s
Ep: 18000 | R:  125.00 | R500: 120.47 | R[p25/p50/p75]: 119.0/ 120.0/ 125.0 | W/L/D:98.6%/ 1.4%/ 0.0% | Loss(ep):3.44541 | Loss(ma):3.48953±0.74411 | Eps:0.050 | LR:1.0e-05 | Buf:100000 | T:197.5s
[Eval@18000] W/L/D=199/1/0 | WR/LR/DR:99.5%/0.5%/0.0% | AvgR:121.92
Ep: 18100 | R:  145.75 | R500: 120.92 | R[p25/p50/p75]: 119.0/ 120.0/ 125.0 | W/L/D:98.8%/ 1.2%/ 0.0% | Loss(ep):3.30971 | Loss(ma):3.48482±0.74267 | Eps:0.050 | LR:1.0e-05 | Buf:100000 | T:198.5s
Ep: 18200 | R:  123.00 | R500: 121.01 | R[p25/p50/p75]: 119.0/ 120.0/ 125.0 | W/L/D:99.0%/ 1.0%/ 0.0% | Loss(ep):3.58472 | Loss(ma):3.48726±0.73417 | Eps:0.050 | LR:1.0e-05 | Buf:100000 | T:199.2s
Ep: 18300 | R:  143.00 | R500: 121.90 | R[p25/p50/p75]: 119.0/ 120.0/ 125.0 | W/L/D:99.4%/ 0.6%/ 0.0% | Loss(ep):3.48895 | Loss(ma):3.49278±0.73301 | Eps:0.050 | LR:1.0e-05 | Buf:100000 | T:200.0s
Ep: 18400 | R:  119.00 | R500: 122.51 | R[p25/p50/p75]: 119.0/ 120.0/ 125.0 | W/L/D:99.6%/ 0.4%/ 0.0% | Loss(ep):3.47127 | Loss(ma):3.50019±0.73466 | Eps:0.050 | LR:1.0e-05 | Buf:100000 | T:200.8s
Ep: 18500 | R:  144.00 | R500: 122.38 | R[p25/p50/p75]: 119.0/ 120.0/ 125.0 | W/L/D:99.6%/ 0.4%/ 0.0% | Loss(ep):3.18944 | Loss(ma):3.50490±0.73283 | Eps:0.050 | LR:1.0e-05 | Buf:100000 | T:201.5s
Ep: 18600 | R:  124.00 | R500: 122.85 | R[p25/p50/p75]: 119.0/ 120.0/ 125.0 | W/L/D:99.8%/ 0.2%/ 0.0% | Loss(ep):3.27389 | Loss(ma):3.50386±0.73369 | Eps:0.050 | LR:1.0e-05 | Buf:100000 | T:202.4s
Ep: 18700 | R:  125.00 | R500: 123.32 | R[p25/p50/p75]: 119.0/ 120.0/ 125.0 | W/L/D:100.0%/ 0.0%/ 0.0% | Loss(ep):3.66566 | Loss(ma):3.51581±0.74356 | Eps:0.050 | LR:1.0e-05 | Buf:100000 | T:203.1s
Ep: 18800 | R:  138.75 | R500: 122.52 | R[p25/p50/p75]: 119.0/ 120.0/ 125.0 | W/L/D:99.6%/ 0.4%/ 0.0% | Loss(ep):3.65581 | Loss(ma):3.51958±0.75004 | Eps:0.050 | LR:1.0e-05 | Buf:100000 | T:203.9s
Ep: 18900 | R:  125.00 | R500: 122.32 | R[p25/p50/p75]: 119.0/ 120.0/ 125.0 | W/L/D:99.6%/ 0.4%/ 0.0% | Loss(ep):3.38650 | Loss(ma):3.50614±0.73226 | Eps:0.050 | LR:1.0e-05 | Buf:100000 | T:204.7s
Ep: 19000 | R:  119.00 | R500: 121.86 | R[p25/p50/p75]: 119.0/ 120.0/ 125.0 | W/L/D:99.4%/ 0.6%/ 0.0% | Loss(ep):3.90125 | Loss(ma):3.49967±0.72697 | Eps:0.050 | LR:1.0e-05 | Buf:100000 | T:205.5s
[Eval@19000] W/L/D=200/0/0 | WR/LR/DR:100.0%/0.0%/0.0% | AvgR:123.63
Ep: 19100 | R:  120.00 | R500: 121.73 | R[p25/p50/p75]: 119.0/ 120.0/ 125.0 | W/L/D:99.4%/ 0.6%/ 0.0% | Loss(ep):3.82202 | Loss(ma):3.50679±0.74492 | Eps:0.050 | LR:1.0e-05 | Buf:100000 | T:206.5s
Ep: 19200 | R:  119.00 | R500: 121.73 | R[p25/p50/p75]: 119.0/ 120.0/ 125.0 | W/L/D:99.4%/ 0.6%/ 0.0% | Loss(ep):3.09281 | Loss(ma):3.50647±0.74521 | Eps:0.050 | LR:1.0e-05 | Buf:100000 | T:207.3s
Ep: 19300 | R:  140.00 | R500: 122.84 | R[p25/p50/p75]: 119.0/ 120.0/ 125.0 | W/L/D:99.8%/ 0.2%/ 0.0% | Loss(ep):3.68518 | Loss(ma):3.50248±0.73267 | Eps:0.050 | LR:1.0e-05 | Buf:100000 | T:208.1s
Ep: 19400 | R:  123.00 | R500: 122.83 | R[p25/p50/p75]: 119.0/ 120.0/ 125.0 | W/L/D:99.8%/ 0.2%/ 0.0% | Loss(ep):3.65434 | Loss(ma):3.49879±0.71859 | Eps:0.050 | LR:1.0e-05 | Buf:100000 | T:208.8s
Ep: 19500 | R:  120.00 | R500: 122.90 | R[p25/p50/p75]: 119.0/ 120.0/ 125.0 | W/L/D:100.0%/ 0.0%/ 0.0% | Loss(ep):3.83740 | Loss(ma):3.50601±0.72804 | Eps:0.050 | LR:1.0e-05 | Buf:100000 | T:209.6s
Ep: 19600 | R:  124.00 | R500: 122.79 | R[p25/p50/p75]: 119.0/ 120.0/ 125.0 | W/L/D:99.8%/ 0.2%/ 0.0% | Loss(ep):3.60020 | Loss(ma):3.51797±0.73881 | Eps:0.050 | LR:1.0e-05 | Buf:100000 | T:210.4s
Ep: 19700 | R:  120.00 | R500: 123.14 | R[p25/p50/p75]: 119.0/ 120.0/ 125.0 | W/L/D:99.8%/ 0.2%/ 0.0% | Loss(ep):3.32743 | Loss(ma):3.51918±0.73552 | Eps:0.050 | LR:1.0e-05 | Buf:100000 | T:211.2s
Ep: 19800 | R:  115.00 | R500: 122.84 | R[p25/p50/p75]: 119.0/ 120.0/ 125.0 | W/L/D:99.8%/ 0.2%/ 0.0% | Loss(ep):4.92298 | Loss(ma):3.53027±0.75336 | Eps:0.050 | LR:1.0e-05 | Buf:100000 | T:212.0s
Ep: 19900 | R:  116.75 | R500: 122.67 | R[p25/p50/p75]: 119.0/ 120.0/ 125.0 | W/L/D:99.6%/ 0.4%/ 0.0% | Loss(ep):4.98734 | Loss(ma):3.54458±0.76300 | Eps:0.050 | LR:1.0e-05 | Buf:100000 | T:212.8s
Ep: 20000 | R:  129.00 | R500: 122.47 | R[p25/p50/p75]: 119.0/ 120.0/ 125.0 | W/L/D:99.4%/ 0.6%/ 0.0% | Loss(ep):3.46912 | Loss(ma):3.55422±0.77518 | Eps:0.050 | LR:1.0e-05 | Buf:100000 | T:213.6s
[Eval@20000] W/L/D=199/1/0 | WR/LR/DR:99.5%/0.5%/0.0% | AvgR:122.55

Training completed.
Best episode reward: 224.00

========== Experiment: vs random opponent ==========

--- Greedy policy vs random opponent ---
Games: 200
Wins / Losses / Draws: 199 / 1 / 0
Win rate:  99.50%
Loss rate: 0.50%
Draw rate: 0.00%
Avg reward: 121.816

--- Uniform-random actions vs random opponent (baseline) ---
Games: 200
Wins / Losses / Draws: 119 / 81 / 0
Win rate:  59.50%
Loss rate: 40.50%
Draw rate: 0.00%
Avg reward: 39.197
Saved model to dqn_torchrl.pt
